// Jest Snapshot v1, https://goo.gl/fbAQLP

exports[`Button renders correctlty 1`] = `
<button
  className="btn"
  type="button"
>
  0
</button>
`;
