// Jest Snapshot v1, https://goo.gl/fbAQLP

exports[`Calculator component Renders correctly calculator component 1`] = `
<div
  className="mainContainer"
>
  <h2
    className="title"
  >
    Let's do some math!
  </h2>
  <div
    className="calcContainer"
  >
    <p
      className="input"
    >
      0
    </p>
    <div
      className="gridContainer"
    >
      <button
        className="btn btn-grey"
        onClick={[Function]}
        type="button"
      >
        AC
      </button>
      <button
        className="btn btn-grey"
        onClick={[Function]}
        type="button"
      >
        +/-
      </button>
      <button
        className="btn btn-grey"
        onClick={[Function]}
        type="button"
      >
        %
      </button>
      <button
        className="btn-orange btn"
        onClick={[Function]}
        type="button"
      >
        รท
      </button>
      <button
        className="btn btn-grey"
        onClick={[Function]}
        type="button"
      >
        7
      </button>
      <button
        className="btn btn-grey"
        onClick={[Function]}
        type="button"
      >
        8
      </button>
      <button
        className="btn btn-grey"
        onClick={[Function]}
        type="button"
      >
        9
      </button>
      <button
        className="btn btn-orange"
        onClick={[Function]}
        type="button"
      >
        x
      </button>
      <button
        className="btn btn-grey"
        onClick={[Function]}
        type="button"
      >
        4
      </button>
      <button
        className="btn btn-grey"
        onClick={[Function]}
        type="button"
      >
        5
      </button>
      <button
        className="btn btn-grey"
        onClick={[Function]}
        type="button"
      >
        6
      </button>
      <button
        className="btn btn-orange"
        onClick={[Function]}
        type="button"
      >
        -
      </button>
      <button
        className="btn btn-grey"
        onClick={[Function]}
        type="button"
      >
        1
      </button>
      <button
        className="btn btn-grey"
        onClick={[Function]}
        type="button"
      >
        2
      </button>
      <button
        className="btn btn-grey"
        onClick={[Function]}
        type="button"
      >
        3
      </button>
      <button
        className="btn btn-orange"
        onClick={[Function]}
        type="button"
      >
        +
      </button>
      <button
        className="btn btn-large btn-grey"
        onClick={[Function]}
        type="button"
      >
        0
      </button>
      <button
        className="btn btn-grey"
        onClick={[Function]}
        type="button"
      >
        .
      </button>
      <button
        className="btn btn-orange"
        onClick={[Function]}
        type="button"
      >
        =
      </button>
    </div>
  </div>
</div>
`;
